exports[`Counter should be render Counter 1`] = `
<div>
  <p>
    カウント: 
    1
    回
  </p>
  <button
    className="large"
    id="increment"
    onClick={[Function]}>
    ++
  </button>
  <button
    className="large"
    id="decrement"
    onClick={[Function]}>
    --
  </button>
</div>
`;
